../Core/Src/driver_ToF.c:112:5:tofInit	16	static
../Core/Src/driver_ToF.c:121:23:readReg16	32	static
../Core/Src/driver_ToF.c:134:22:readReg	32	static
../Core/Src/driver_ToF.c:144:13:readMulti	24	static
../Core/Src/driver_ToF.c:150:13:writeMulti	56	dynamic
../Core/Src/driver_ToF.c:161:13:writeReg16	32	static
../Core/Src/driver_ToF.c:173:13:writeReg	32	static
../Core/Src/driver_ToF.c:185:13:writeRegList	32	static
../Core/Src/driver_ToF.c:220:12:getSpadInfo	24	static
../Core/Src/driver_ToF.c:257:17:decodeTimeout	16	static
../Core/Src/driver_ToF.c:266:17:timeoutMclksToMicroseconds	24	static
../Core/Src/driver_ToF.c:275:17:timeoutMicrosecondsToMclks	24	static
../Core/Src/driver_ToF.c:286:17:encodeTimeout	24	static
../Core/Src/driver_ToF.c:308:13:getSequenceStepTimeouts	16	static
../Core/Src/driver_ToF.c:346:12:setVcselPulsePeriod	56	static
../Core/Src/driver_ToF.c:528:12:setMeasurementTimingBudget	72	static
../Core/Src/driver_ToF.c:618:17:getMeasurementTimingBudget	56	static
../Core/Src/driver_ToF.c:665:12:performSingleRefCalibration	24	static
../Core/Src/driver_ToF.c:688:12:initSensor	40	static
../Core/Src/driver_ToF.c:755:10:readRangeContinuousMillimeters	16	static
../Core/Src/driver_ToF.c:793:5:tofReadDistance	16	static
../Core/Src/driver_ToF.c:835:5:tofGetModel	32	static
../Core/Src/driver_ToF.c:885:5:initTof	16	static
../Core/Src/driver_ToF.c:908:5:TofShutdown	8	static
../Core/Src/driver_ToF.c:914:6:RB_Delay	16	static
