../Core/Src/driver_ToF.c:111:5:tofInit	16	static
../Core/Src/driver_ToF.c:120:23:readReg16	32	static
../Core/Src/driver_ToF.c:133:22:readReg	32	static
../Core/Src/driver_ToF.c:142:13:readMulti	24	static
../Core/Src/driver_ToF.c:148:13:writeMulti	56	dynamic
../Core/Src/driver_ToF.c:159:13:writeReg16	32	static
../Core/Src/driver_ToF.c:171:13:writeReg	32	static
../Core/Src/driver_ToF.c:183:13:writeRegList	32	static
../Core/Src/driver_ToF.c:218:12:getSpadInfo	24	static
../Core/Src/driver_ToF.c:255:17:decodeTimeout	16	static
../Core/Src/driver_ToF.c:264:17:timeoutMclksToMicroseconds	24	static
../Core/Src/driver_ToF.c:273:17:timeoutMicrosecondsToMclks	24	static
../Core/Src/driver_ToF.c:284:17:encodeTimeout	24	static
../Core/Src/driver_ToF.c:306:13:getSequenceStepTimeouts	16	static
../Core/Src/driver_ToF.c:344:12:setVcselPulsePeriod	56	static
../Core/Src/driver_ToF.c:526:12:setMeasurementTimingBudget	72	static
../Core/Src/driver_ToF.c:616:17:getMeasurementTimingBudget	56	static
../Core/Src/driver_ToF.c:663:12:performSingleRefCalibration	24	static
../Core/Src/driver_ToF.c:686:12:initSensor	40	static
../Core/Src/driver_ToF.c:753:10:readRangeContinuousMillimeters	16	static
../Core/Src/driver_ToF.c:792:5:tofReadDistance	16	static
../Core/Src/driver_ToF.c:834:5:tofGetModel	32	static
../Core/Src/driver_ToF.c:870:5:initTof	16	static
../Core/Src/driver_ToF.c:893:5:TofShutdown	8	static
../Core/Src/driver_ToF.c:899:6:RB_Delay	16	static
