../Core/Src/main.c:124:6:codeTache	32	static
../Core/Src/main.c:142:6:TofGetDistance	24	static
../Core/Src/main.c:165:6:GetEncoderValue	24	static
../Core/Src/main.c:180:6:RaspRead	224	static
../Core/Src/main.c:197:5:main	8	static
../Core/Src/main.c:402:6:SystemClock_Config	96	static
../Core/Src/main.c:445:5:__io_putchar	16	static
../Core/Src/main.c:450:6:HAL_TIM_PeriodElapsedCallback	16	static
../Core/Src/main.c:455:6:HAL_GPIO_EXTI_Callback	16	static
../Core/Src/main.c:464:6:HAL_UART_RxCpltCallback	16	static
../Core/Src/main.c:482:6:Error_Handler	8	static,ignoring_inline_asm
