../Core/Src/main.c:123:6:codeTache	32	static
../Core/Src/main.c:141:6:TofGetDistance	24	static
../Core/Src/main.c:164:6:GetEncoderValue	24	static
../Core/Src/main.c:179:6:RaspRead	224	static
../Core/Src/main.c:196:5:main	8	static
../Core/Src/main.c:401:6:SystemClock_Config	96	static
../Core/Src/main.c:444:5:__io_putchar	16	static
../Core/Src/main.c:449:6:HAL_TIM_PeriodElapsedCallback	16	static
../Core/Src/main.c:454:6:HAL_GPIO_EXTI_Callback	16	static
../Core/Src/main.c:463:6:HAL_UART_RxCpltCallback	16	static
../Core/Src/main.c:481:6:Error_Handler	8	static,ignoring_inline_asm
