../Core/Src/stm32f1xx_it.c:73:6:NMI_Handler	4	static
../Core/Src/stm32f1xx_it.c:88:6:HardFault_Handler	4	static
../Core/Src/stm32f1xx_it.c:103:6:MemManage_Handler	4	static
../Core/Src/stm32f1xx_it.c:118:6:BusFault_Handler	4	static
../Core/Src/stm32f1xx_it.c:133:6:UsageFault_Handler	4	static
../Core/Src/stm32f1xx_it.c:148:6:DebugMon_Handler	4	static
../Core/Src/stm32f1xx_it.c:161:6:SysTick_Handler	8	static
../Core/Src/stm32f1xx_it.c:190:6:USART1_IRQHandler	8	static
../Core/Src/stm32f1xx_it.c:204:6:USART2_IRQHandler	8	static
../Core/Src/stm32f1xx_it.c:218:6:EXTI15_10_IRQHandler	8	static
../Core/Src/stm32f1xx_it.c:232:6:TIM7_IRQHandler	8	static
