../Core/Src/stm32f1xx_it.c:75:6:NMI_Handler	4	static
../Core/Src/stm32f1xx_it.c:90:6:HardFault_Handler	4	static
../Core/Src/stm32f1xx_it.c:105:6:MemManage_Handler	4	static
../Core/Src/stm32f1xx_it.c:120:6:BusFault_Handler	4	static
../Core/Src/stm32f1xx_it.c:135:6:UsageFault_Handler	4	static
../Core/Src/stm32f1xx_it.c:150:6:DebugMon_Handler	4	static
../Core/Src/stm32f1xx_it.c:163:6:SysTick_Handler	8	static
../Core/Src/stm32f1xx_it.c:192:6:TIM1_UP_IRQHandler	8	static
../Core/Src/stm32f1xx_it.c:206:6:USART1_IRQHandler	8	static
../Core/Src/stm32f1xx_it.c:220:6:USART2_IRQHandler	8	static
../Core/Src/stm32f1xx_it.c:234:6:EXTI15_10_IRQHandler	8	static
../Core/Src/stm32f1xx_it.c:248:6:TIM6_IRQHandler	8	static
../Core/Src/stm32f1xx_it.c:262:6:TIM7_IRQHandler	8	static
